Flutter crash report.
Please report a bug at https://github.com/flutter/flutter/issues.

## command

flutter run -d chrome --dart-define=MAPBOX_ACCESS_TOKEN=pk.eyJ1IjoiY3ctY2hhbmciLCJhIjoiY21veHlrZ2llMGduZzQ4b2F3MGZ0bTRjYiJ9.s1ItorP0i9AwDPAtgXV2bw

## exception

PathAccessException: PathAccessException: Deletion failed, path = 'C:\Users\pop98\AppData\Local\Temp\flutter_tools.4bdd24c8\flutter_tool.4b0201f5' (OS Error: 程序無法存取檔案，因為檔案正由另一個程序使用。, errno = 32)

```
#0      _Directory._deleteSync (dart:io/directory_impl.dart:216:7)
#1      FileSystemEntity.deleteSync (dart:io/file_system_entity.dart:425:7)
#2      ForwardingFileSystemEntity.deleteSync (package:file/src/forwarding/forwarding_file_system_entity.dart:70:16)
#3      ErrorHandlingDirectory.deleteSync.<anonymous closure> (package:flutter_tools/src/base/error_handling_io.dart:451:22)
#4      _runSync (package:flutter_tools/src/base/error_handling_io.dart:552:14)
#5      ErrorHandlingDirectory.deleteSync (package:flutter_tools/src/base/error_handling_io.dart:450:12)
#6      ResidentRunner.preExit (package:flutter_tools/src/resident_runner.dart:1435:25)
#7      ResidentRunner.exit (package:flutter_tools/src/resident_runner.dart:1278:11)
<asynchronous suspension>
#8      TerminalHandler._commonTerminalInputHandler (package:flutter_tools/src/resident_runner.dart:1830:9)
<asynchronous suspension>
#9      TerminalHandler.processTerminalInput (package:flutter_tools/src/resident_runner.dart:1906:7)
<asynchronous suspension>
```

## flutter doctor

```
[✓] Flutter (Channel stable, 3.41.9, on Microsoft Windows [版本 10.0.26200.8037], locale zh-TW) [253ms]
    • Flutter version 3.41.9 on channel stable at C:\Users\pop98\flutter
    • Upstream repository https://github.com/flutter/flutter.git
    • Framework revision 00b0c91f06 (10 days ago), 2026-04-29 10:03:19 -0700
    • Engine revision 42d3d75a56
    • Dart version 3.11.5
    • DevTools version 2.54.2
    • Feature flags: enable-web, enable-linux-desktop, enable-macos-desktop, enable-windows-desktop, enable-android, enable-ios, cli-animations, enable-native-assets, omit-legacy-version-file, enable-lldb-debugging, enable-uiscene-migration

[✓] Windows Version (Windows 11 or higher, 25H2, 2009) [1,174ms]

[✗] Android toolchain - develop for Android devices [19ms]
    ✗ Unable to locate Android SDK.
      Install Android Studio from: https://developer.android.com/studio/index.html
      On first launch it will assist you in installing the Android SDK components.
      (or visit https://flutter.dev/to/windows-android-setup for detailed instructions).
      If the Android SDK has been installed to a custom location, please use
      `flutter config --android-sdk` to update to that location.


[✓] Chrome - develop for the web [11ms]
    • Chrome at C:\Program Files\Google\Chrome\Application\chrome.exe

[✗] Visual Studio - develop Windows apps [10ms]
    ✗ Visual Studio not installed; this is necessary to develop Windows apps.
      Download at https://visualstudio.microsoft.com/downloads/.
      Please install the "Desktop development with C++" workload, including all of its default components

[✓] Connected device (3 available) [17ms]
    • Windows (desktop) • windows • windows-x64    • Microsoft Windows [版本 10.0.26200.8037]
    • Chrome (web)      • chrome  • web-javascript • Google Chrome 146.0.7680.178
    • Edge (web)        • edge    • web-javascript • Microsoft Edge 147.0.3912.98

[✓] Network resources [894ms]
    • All expected network resources are available.

! Doctor found issues in 2 categories.
```
